test_be_imperative (test_analysis.AnalyzerTests.test_be_imperative) ... ok
test_comparative_lemma (test_analysis.AnalyzerTests.test_comparative_lemma) ... ok
test_complementizer_that (test_analysis.AnalyzerTests.test_complementizer_that) ... ok
test_demonstrative_that_not_relative (test_analysis.AnalyzerTests.test_demonstrative_that_not_relative) ... ok
test_exclamation_not_automatically_imperative (test_analysis.AnalyzerTests.test_exclamation_not_automatically_imperative) ... ok
test_interjection_not_imperative (test_analysis.AnalyzerTests.test_interjection_not_imperative) ... ok
test_lets_not_possessive (test_analysis.AnalyzerTests.test_lets_not_possessive) ... ok
test_lexical_have_imperative_not_perfect (test_analysis.AnalyzerTests.test_lexical_have_imperative_not_perfect) ... ok
test_reflexive_is_grammar (test_analysis.AnalyzerTests.test_reflexive_is_grammar) ... ok
test_relative_who (test_analysis.AnalyzerTests.test_relative_who) ... ok
test_short_declarative_not_imperative (test_analysis.AnalyzerTests.test_short_declarative_not_imperative) ... ok
test_together_not_comparison (test_analysis.AnalyzerTests.test_together_not_comparison) ... ok
test_demonstrative_that_still_not_relative (test_analysis.ContrastSuiteRegressions.test_demonstrative_that_still_not_relative) ... ok
test_doubled_consonant_comparison (test_analysis.ContrastSuiteRegressions.test_doubled_consonant_comparison) ... ok
test_relative_that_detected (test_analysis.ContrastSuiteRegressions.test_relative_that_detected) ... ok
test_context_inference_common_gaps (test_analysis.MissingVocabularyRegressionTests.test_context_inference_common_gaps) ... ok
test_structured_adverb (test_analysis.StructuredIRTests.test_structured_adverb) ... ok
test_structured_progressive_clause (test_analysis.StructuredIRTests.test_structured_progressive_clause) ... ok
test_progressive_analytic_fallback_receipt (test_analysis.StructuredRealizationFallbackTests.test_progressive_analytic_fallback_receipt) ... ok
test_grammar_contract_accepts_analytic_fallbacks (test_analysis.TranslationReadyGrammarTests.test_grammar_contract_accepts_analytic_fallbacks) ... ok
test_grammar_contract_rejects_missing_question_particle (test_analysis.TranslationReadyGrammarTests.test_grammar_contract_rejects_missing_question_particle) ... ok
test_structured_numeral_preserved (test_analysis.TranslationReadyGrammarTests.test_structured_numeral_preserved) ... ok
test_comparative_complement_preserved (test_analysis.V65IRRegressionTests.test_comparative_complement_preserved) ... ok
test_ly_adverb_uses_adjective_lemma (test_analysis.V65IRRegressionTests.test_ly_adverb_uses_adjective_lemma) ... ok
test_possessive_np_preserved (test_analysis.V65IRRegressionTests.test_possessive_np_preserved) ... ok
test_subject_coordination_preserved (test_analysis.V65IRRegressionTests.test_subject_coordination_preserved) ... ok
test_comparative_adverb_ir (test_analysis.V65StructuredEdgeTests.test_comparative_adverb_ir) ... ok
test_fronted_copular_question (test_analysis.V65StructuredEdgeTests.test_fronted_copular_question) ... ok
test_modal_main_verb_beats_participle_modifier (test_analysis.V65StructuredEdgeTests.test_modal_main_verb_beats_participle_modifier) ... ok
test_contract_v3_requires_profile (test_analysis.V66ArchitectureTests.test_contract_v3_requires_profile) ... ok
test_coordinated_predicates_not_false_appositive (test_analysis.V66ArchitectureTests.test_coordinated_predicates_not_false_appositive) ... ok
test_coordinated_predicates_parse (test_analysis.V66ArchitectureTests.test_coordinated_predicates_parse) ... ok
test_lets_is_hortative_ir (test_analysis.V66ArchitectureTests.test_lets_is_hortative_ir) ... ok
test_predicate_coordination_realizes_and_receipts (test_analysis.V66CoordinationRealizationTests.test_predicate_coordination_realizes_and_receipts) ... ok
test_family_profiles_produce_distinct_realization_contracts (test_analysis.V66GenerationVariationTests.test_family_profiles_produce_distinct_realization_contracts) ... ok
test_contextual_adjective_to_verb_conversion (test_analysis.V67MorphosyntaxTests.test_contextual_adjective_to_verb_conversion) ... ok
test_homographic_subject_does_not_steal_predicate (test_analysis.V67MorphosyntaxTests.test_homographic_subject_does_not_steal_predicate) ... ok
test_noun_compound_preserved (test_analysis.V67MorphosyntaxTests.test_noun_compound_preserved) ... ok
test_contract_v5_checks_nonfinite_and_structural_questions (test_analysis.V68CreationContractTests.test_contract_v5_checks_nonfinite_and_structural_questions) ... ok
test_generation_has_nonfinite_contract_without_forced_perfect (test_analysis.V68CreationContractTests.test_generation_has_nonfinite_contract_without_forced_perfect) ... ok
test_participial_modifier_is_preserved_in_subject_np (test_analysis.V68CreationContractTests.test_participial_modifier_is_preserved_in_subject_np) ... ok
test_contract_v6_capabilities (test_analysis.V69RegressionTests.test_contract_v6_capabilities) ... ok
test_irregular_degree_candidates (test_analysis.V69RegressionTests.test_irregular_degree_candidates) ... ok
test_string_is_not_false_progressive (test_analysis.V69RegressionTests.test_string_is_not_false_progressive) ... ok
test_creation_guarantees_past_strategy (test_analysis.V71FidelityTests.test_creation_guarantees_past_strategy) ... ok
test_np_coordination_preserves_individual_number (test_analysis.V71FidelityTests.test_np_coordination_preserves_individual_number) ... ok
test_irregular_past_is_not_discarded_before_structured_parse (test_analysis.V71PastSourceTests.test_irregular_past_is_not_discarded_before_structured_parse) ... ok
test_affix_negation_ignores_stray_particle (test_analysis.V72NegationContractTests.test_affix_negation_ignores_stray_particle) ... ok
test_inflection_candidates (test_analysis.V72NegationContractTests.test_inflection_candidates) ... ok
test_particle_negation_ignores_stray_affix (test_analysis.V72NegationContractTests.test_particle_negation_ignores_stray_affix) ... ok
test_caress_is_singular (test_analysis.V73InflectionIntegrityTests.test_caress_is_singular) ... ok
test_inflected_verb_avoids_noun_homograph (test_analysis.V73InflectionIntegrityTests.test_inflected_verb_avoids_noun_homograph) ... ok
test_irregular_past_over_verb_homograph (test_analysis.V73InflectionIntegrityTests.test_irregular_past_over_verb_homograph) ... ok
test_prefix_suffix_do_not_disappear_at_identical_boundary (test_analysis.V73MorphemeCollisionTests.test_prefix_suffix_do_not_disappear_at_identical_boundary) ... ok
test_regression_and_recovery (test_diagnostic_comparison.ComparisonTests.test_regression_and_recovery) ... ok
test_reject_mismatched_corpus (test_diagnostic_comparison.ComparisonTests.test_reject_mismatched_corpus) ... ok
test_comma_and_no_comma_have_identical_meaning (test_fronted_pronoun_boundary.FrontedPronounBoundaryTests.test_comma_and_no_comma_have_identical_meaning) ... ok
test_unknown_adjunct_cannot_disappear (test_fronted_pronoun_boundary.FrontedPronounBoundaryTests.test_unknown_adjunct_cannot_disappear) ... ok
test_corpus_identity_normalizes_line_endings (test_quality_gate.CorpusIntegrityTests.test_corpus_identity_normalizes_line_endings) ... ok
test_corpus_identity_rejects_same_size_changed_text (test_quality_gate.CorpusIntegrityTests.test_corpus_identity_rejects_same_size_changed_text) ... ok
test_reject_changed_noncomplete_sentence (test_quality_gate.CorpusIntegrityTests.test_reject_changed_noncomplete_sentence) ... ok
test_allow_budget (test_quality_gate.GateTests.test_allow_budget) ... ok
test_reject_missing_language (test_quality_gate.GateTests.test_reject_missing_language) ... ok
test_reject_regression_even_if_aggregate_unchanged (test_quality_gate.GateTests.test_reject_regression_even_if_aggregate_unchanged) ... ok
test_independent_subject_preserved (test_semantic_architecture.SemanticArchitectureTests.test_independent_subject_preserved) ... ok
test_semantic_mismatch_is_rejected (test_semantic_architecture.SemanticArchitectureTests.test_semantic_mismatch_is_rejected) ... ok
test_comparative_still_comparative (test_v752_superlative.SuperlativeRegression.test_comparative_still_comparative) ... ok
test_plain_noun_predicate_unaffected (test_v752_superlative.SuperlativeRegression.test_plain_noun_predicate_unaffected) ... ok
test_superlative_is_predicate_not_object (test_v752_superlative.SuperlativeRegression.test_superlative_is_predicate_not_object) ... ok
test_diagnosed_grammar_not_misclassified_as_vocabulary (test_v7610_preflight.PreflightTests.test_diagnosed_grammar_not_misclassified_as_vocabulary) ... ok
test_known_sentence_complete (test_v7610_preflight.PreflightTests.test_known_sentence_complete) ... ok
test_unknown_lexeme_reported_without_mutation (test_v7610_preflight.PreflightTests.test_unknown_lexeme_reported_without_mutation) ... ok
test_no_interjection_no_change (test_v7611_discourse.DiscourseTests.test_no_interjection_no_change) ... ok
test_oh_dear_realized_all_baselines (test_v7611_discourse.DiscourseTests.test_oh_dear_realized_all_baselines) ... ok
test_unknown_interjection_not_dropped (test_v7611_discourse.DiscourseTests.test_unknown_interjection_not_dropped) ... ok
test_known_vocative_realized (test_v7612_vocative.VocativeTests.test_known_vocative_realized) ... ok
test_missing_vocative_not_dropped (test_v7612_vocative.VocativeTests.test_missing_vocative_not_dropped) ... ok
test_no_vocative_unchanged (test_v7612_vocative.VocativeTests.test_no_vocative_unchanged) ... ok
test_explicit_second_subject_not_replaced (test_v761_series.SeriesTests.test_explicit_second_subject_not_replaced) ... ok
test_three_actions_preserved (test_v761_series.SeriesTests.test_three_actions_preserved) ... ok
test_realization_probe_failure_is_explicit (test_v762_attachment.AttachmentTests.test_realization_probe_failure_is_explicit) ... ok
test_recursive_attachment (test_v762_attachment.AttachmentTests.test_recursive_attachment) ... ok
test_raw_source_preferred_to_legacy_did_normalization (test_v763_structured_source.SourcePriorityTests.test_raw_source_preferred_to_legacy_did_normalization) ... ok
test_statement_not_question (test_v764_questions.QuestionIRTests.test_statement_not_question) ... ok
test_when_future_preserves_tense (test_v764_questions.QuestionIRTests.test_when_future_preserves_tense) ... ok
test_where_preserves_interrogative (test_v764_questions.QuestionIRTests.test_where_preserves_interrogative) ... ok
test_causal_clause_keeps_both_predicates (test_v766_degree_causal.DegreeAndCausalTests.test_causal_clause_keeps_both_predicates) ... ok
test_causal_clause_not_falsely_realized (test_v766_degree_causal.DegreeAndCausalTests.test_causal_clause_not_falsely_realized) ... ok
test_degree_question_has_adjective_scope (test_v766_degree_causal.DegreeAndCausalTests.test_degree_question_has_adjective_scope) ... ok
test_linker_and_both_clause_receipts (test_v767_causal.CausalTests.test_linker_and_both_clause_receipts) ... ok
test_no_linker_is_failure (test_v767_causal.CausalTests.test_no_linker_is_failure) ... ok
test_negative_indefinite_and_change_of_state (test_v768_quality.QualityTests.test_negative_indefinite_and_change_of_state) ... ok
test_unresolved_names_not_invented (test_v768_quality.QualityTests.test_unresolved_names_not_invented) ... ok
test_unsupported_remains_unsupported (test_v768_quality.QualityTests.test_unsupported_remains_unsupported) ... ok
test_version (test_v768_quality.QualityTests.test_version) ... ok
test_fronted_adjunct_preserved_for_three_grammars (test_v769_fronted_pp.FrontedPPTests.test_fronted_adjunct_preserved_for_three_grammars) ... ok
test_unavailable_fronted_adjunct_not_silently_omitted (test_v769_fronted_pp.FrontedPPTests.test_unavailable_fronted_adjunct_not_silently_omitted) ... ok

----------------------------------------------------------------------
Ran 97 tests in 0.693s

OK
